main.c:115:5:main	112	static
main.c:218:6:SystemClock_Config	72	static
main.c:255:13:MX_I2C1_Init	8	static
main.c:288:13:MX_SPI2_Init	8	static
main.c:325:13:MX_USART1_UART_Init	8	static
main.c:357:13:MX_USART3_UART_Init	8	static
main.c:389:13:MX_GPIO_Init	40	static
main.c:427:6:HAL_UART_TxCpltCallback	24	static,ignoring_inline_asm
main.c:446:6:StartDefaultTask	24	static
main.c:508:6:StartTask02	24	static
main.c:555:6:StartTask03	24	static
main.c:607:6:StartTask04	24	static
main.c:675:6:HAL_TIM_PeriodElapsedCallback	16	static
main.c:693:6:Error_Handler	4	static
