main.c:118:5:main	112	static
main.c:223:6:SystemClock_Config	72	static
main.c:261:13:MX_I2C1_Init	8	static
main.c:295:13:MX_SPI2_Init	8	static
main.c:333:13:MX_TIM3_Init	32	static
main.c:378:13:MX_USART1_UART_Init	8	static
main.c:411:13:MX_USART3_UART_Init	8	static
main.c:444:13:MX_GPIO_Init	40	static
main.c:491:6:HAL_UART_TxCpltCallback	24	static,ignoring_inline_asm
main.c:510:6:StartDefaultTask	24	static
main.c:578:6:StartTask02	24	static
main.c:625:6:StartTask03	24	static
main.c:677:6:StartTask04	24	static
main.c:745:6:HAL_TIM_PeriodElapsedCallback	16	static
main.c:762:6:Error_Handler	4	static
